HI-TECH Software C Compiler 

Linker command line:

--edf=C:\Program Files (x86)\HI-TECH Software\PICC\9.83\dat\en_msgs.txt -cs \
  -h+MSB_5.sym -z -Q16F684 -ol.obj -MMSB_5.map -E1 -ACONST=00h-0FFhx8 \
  -ACODE=00h-07FFh -ASTRCODE=00h-07FFh -AENTRY=00h-0FFhx8 \
  -ASTRING=00h-0FFhx8 -ABANK0=020h-06Fh -ABANK1=0A0h-0BFh \
  -ARAM=020h-06Fh,0A0h-0BFh -AABS1=020h-07Fh,0A0h-0BFh -ACOMMON=070h-07Fh \
  -ASFR0=00h-01Fh -ASFR1=080h-09Fh \
  -preset_vec=00h,intentry=04h,init,end_init -ppowerup=CODE -pfunctab=CODE \
  -ACONFIG=02007h-02007h -pconfig=CONFIG -DCONFIG=2 -AIDLOC=02000h-02003h \
  -pidloc=IDLOC -DIDLOC=2 -AEEDATA=00h-0FFh/02100h -peeprom_data=EEDATA \
  -DEEDATA=2 -DCODE=2 -DSTRCODE=2 -DSTRING=2 -DCONST=2 -DENTRY=2 -k \
  startup.obj MSB_5.obj 

Object code version is 3.10

Machine type is 16F684



                Name                               Link     Load   Length Selector   Space Scale
startup.obj     end_init                              F        F        1        8       0
                reset_vec                             0        0        1        0       0
MSB_5.obj       intentry                              4        4        B        8       0
                config                             2007     2007        1     400E       0
                text99                               10       10       37        8       0
                maintext                             47       47       34        8       0
                cstackBANK0                          20       20        4       20       1
                cstackCOMMON                         70       70        7       70       1
                cinit                                7B       7B        2        8       0

TOTAL           Name                               Link     Load   Length     Space
        CLASS   CONST          

        CLASS   CODE           
                end_init                              F        F        1         0
                intentry                              4        4        B         0
                reset_vec                             0        0        1         0
                text99                               10       10       37         0
                maintext                             47       47       34         0
                cinit                                7B       7B        2         0

        CLASS   STRCODE        

        CLASS   ENTRY          

        CLASS   STRING         

        CLASS   BANK0          
                cstackBANK0                          20       20        4         1

        CLASS   BANK1          

        CLASS   RAM            

        CLASS   ABS1           
                abs_s1                               7E       7E        2         1

        CLASS   COMMON         
                cstackCOMMON                         70       70        7         1

        CLASS   SFR0           

        CLASS   SFR1           

        CLASS   CONFIG         
                config                             2007     2007        1         0

        CLASS   IDLOC          

        CLASS   EEDATA         



SEGMENTS        Name                           Load    Length   Top    Selector   Space  Class     Delta

                reset_vec                      000000  000001  000001         0       0  CODE        2
                intentry                       000004  000079  00007D         8       0  CODE        2
                cstackBANK0                    000020  000004  000024        20       1  BANK0       1
                cstackCOMMON                   000070  000007  000077        70       1  COMMON      1
                config                         002007  000001  002008      400E       0  CONFIG      2


UNUSED ADDRESS RANGES

        Name                Unused          Largest block    Delta
        BANK0            0024-006F             4C           1
        BANK1            00A0-00BF             20           1
        CODE             0001-0003              3           2
                         007D-07FF            783
        COMMON           0077-007D              7           1
        CONST            0001-0003              3           2
                         007D-07FF            100
        EEDATA           2100-21FF            100           2
        ENTRY            0001-0003              3           2
                         007D-07FF            100
        IDLOC            2000-2003              4           2
        RAM              0024-006F             4C           1
                         00A0-00BF             20
        SFR0             0000-001F             20           1
        SFR1             0080-009F             20           1
        STRCODE          0001-0003              3           2
                         007D-07FF            783
        STRING           0001-0003              3           2
                         007D-07FF            100

                                  Symbol Table

??_main               cstackCOMMON 0077
??_sw_int             cstackCOMMON 0070
?_main                cstackCOMMON 0070
?_sw_int              cstackCOMMON 0070
_ANSEL                (abs)        0091
_CARRY                (abs)        0018
_CMCON0               (abs)        0019
_EEADR                (abs)        009B
_EECON1               (abs)        009C
_EECON2               (abs)        009D
_EEDATA               (abs)        009A
_GIE                  (abs)        005F
_INTCONbits           (abs)        000B
_IOCA                 (abs)        0096
_PORTA                (abs)        0005
_PORTAbits            (abs)        0005
_PORTC                (abs)        0007
_RC1                  (abs)        0039
_RC3                  (abs)        003B
_RD                   (abs)        04E0
_TRISA                (abs)        0085
_TRISC                (abs)        0087
_WR                   (abs)        04E1
_WREN                 (abs)        04E2
__Habs1               abs1         0000
__Hbank0              bank0        0000
__Hbank1              bank1        0000
__Hcinit              cinit        0000
__Hclrtext            clrtext      0000
__Hcode               code         0000
__Hcommon             common       0000
__Hconfig             config       2008
__HcstackBANK0        cstackBANK0  0000
__HcstackCOMMON       cstackCOMMON 0000
__Heeprom_data        eeprom_data  0000
__Hend_init           end_init     0010
__Hfunctab            functab      0000
__Hidloc              idloc        0000
__Hinit               init         000F
__Hintentry           intentry     000F
__Hmaintext           maintext     0000
__Hpowerup            powerup      0000
__Hram                ram          0000
__Hreset_vec          reset_vec    0001
__Hsfr0               sfr0         0000
__Hsfr1               sfr1         0000
__Hstrings            strings      0000
__Htext               text         0000
__Labs1               abs1         0000
__Lbank0              bank0        0000
__Lbank1              bank1        0000
__Lcinit              cinit        0000
__Lclrtext            clrtext      0000
__Lcode               code         0000
__Lcommon             common       0000
__Lconfig             config       2007
__LcstackBANK0        cstackBANK0  0000
__LcstackCOMMON       cstackCOMMON 0000
__Leeprom_data        eeprom_data  0000
__Lend_init           end_init     000F
__Lfunctab            functab      0000
__Lidloc              idloc        0000
__Linit               init         000F
__Lintentry           intentry     0004
__Lmaintext           maintext     0000
__Lpowerup            powerup      0000
__Lram                ram          0000
__Lreset_vec          reset_vec    0000
__Lsfr0               sfr0         0000
__Lsfr1               sfr1         0000
__Lstrings            strings      0000
__Ltext               text         0000
__S0                  (abs)        2008
__S1                  (abs)        0077
__S2                  (abs)        0000
__end_of_main         maintext     007B
__end_of_sw_int       text99       0047
__pcstackBANK0        cstackBANK0  0020
__pcstackCOMMON       cstackCOMMON 0070
__pintentry           intentry     0004
__pmaintext           maintext     0047
__ptext100            text100      0000
__ptext98             text98       0000
__ptext99             text99       0010
__size_of_main        (abs)        0000
__size_of_sw_int      (abs)        0000
_exit                 init         000F
_main                 maintext     0047
_sw_int               text99       0010
btemp                 (abs)        007E
end_of_initialization cinit        007B
interrupt_function    intentry     0004
intlevel0             functab      0000
intlevel1             functab      0000
intlevel2             functab      0000
intlevel3             functab      0000
intlevel4             functab      0000
intlevel5             functab      0000
main@delay            cstackBANK0  0020
main@i                cstackBANK0  0022
reset_vec             reset_vec    0000
saved_w               (abs)        007E
start                 init         000F
start_initialization  cinit        007B
sw_int@j              cstackCOMMON 0075
wtemp0                (abs)        007E
