

HI-TECH Software PIC LITE Macro Assembler V9.83 build 10920 
                                                                                               Wed Mar 07 23:56:27 2012

HI-TECH Software Omniscient Code Generator (Lite mode) build 10920
     1  0000                     opt subtitle "HI-TECH Software Omniscient Code Generator (Lite mode) build 10920"
     2                           
     3                           opt pagewidth 120
     4                           
     5                           	opt lm
     6                           
     7                           	processor	16F684
     8                           clrc	macro
     9                           	bcf	3,0
    10  0000                     	endm
    11                           clrz	macro
    12                           	bcf	3,2
    13  0000                     	endm
    14                           setc	macro
    15                           	bsf	3,0
    16  0000                     	endm
    17                           setz	macro
    18                           	bsf	3,2
    19  0000                     	endm
    20                           skipc	macro
    21                           	btfss	3,0
    22  0000                     	endm
    23                           skipz	macro
    24                           	btfss	3,2
    25  0000                     	endm
    26                           skipnc	macro
    27                           	btfsc	3,0
    28  0000                     	endm
    29                           skipnz	macro
    30                           	btfsc	3,2
    31  0000                     	endm
    32  0000                     indf	equ	0
    33  0000                     indf0	equ	0
    34  0002                     pc	equ	2
    35  0002                     pcl	equ	2
    36  0003                     status	equ	3
    37  0004                     fsr	equ	4
    38  0004                     fsr0	equ	4
    39  0001                     c	equ	1
    40  0000                     z	equ	0
    41  000A                     pclath	equ	10
    42                           # 12 "F:\Documents\Personal Files\Creations\MagicSwitchBoard\Code\VersionControl\main.c"
    43                           	psect config,class=CONFIG,delta=2 ;#
    44                           # 12 "F:\Documents\Personal Files\Creations\MagicSwitchBoard\Code\VersionControl\main.c"
    45  2007  F0D4               	dw 0xFFFC & 0xFFFF & 0xFCFF & 0xFFFF & 0xFFFF & 0xFFF7 & 0xFFDF & 0xFBFF & 0xF7FF ;#
    46                           	FNROOT	_main
    47                           	FNCALL	intlevel1,_sw_int
    48                           	global	intlevel1
    49                           	FNROOT	intlevel1
    50                           	global	_CMCON0
    51                           psect	text98,local,class=CODE,delta=2
    52                           global __ptext98
    53  0000                     __ptext98:
    54  0019                     _CMCON0	set	25
    55                           	global	_INTCONbits
    56  000B                     _INTCONbits	set	11
    57                           	global	_PORTA
    58  0005                     _PORTA	set	5
    59                           	global	_PORTAbits
    60  0005                     _PORTAbits	set	5
    61                           	global	_PORTC
    62  0007                     _PORTC	set	7
    63                           	global	_CARRY
    64  0018                     _CARRY	set	24
    65                           	global	_GIE
    66  005F                     _GIE	set	95
    67                           	global	_RC1
    68  0039                     _RC1	set	57
    69                           	global	_RC3
    70  003B                     _RC3	set	59
    71                           	global	_ANSEL
    72  0091                     _ANSEL	set	145
    73                           	global	_EEADR
    74  009B                     _EEADR	set	155
    75                           	global	_EECON1
    76  009C                     _EECON1	set	156
    77                           	global	_EECON2
    78  009D                     _EECON2	set	157
    79                           	global	_EEDATA
    80  009A                     _EEDATA	set	154
    81                           	global	_IOCA
    82  0096                     _IOCA	set	150
    83                           	global	_TRISA
    84  0085                     _TRISA	set	133
    85                           	global	_TRISC
    86  0087                     _TRISC	set	135
    87                           	global	_RD
    88  04E0                     _RD	set	1248
    89                           	global	_WR
    90  04E1                     _WR	set	1249
    91                           	global	_WREN
    92  04E2                     _WREN	set	1250
    93                           	file	"MSB_5.as"
    94                           	line	#
    95                           psect cinit,class=CODE,delta=2
    96                           global start_initialization
    97  007B                     start_initialization:
    98                           
    99                           psect cinit,class=CODE,delta=2
   100                           global end_of_initialization
   101                           
   102                           ;End of C runtime variable initialization code
   103                           
   104  007B                     end_of_initialization:
   105  007B  0183               clrf status
   106  007C  2847               ljmp _main	;jump to C main() function
   107                           psect	cstackCOMMON,class=COMMON,space=1
   108                           global __pcstackCOMMON
   109  0070                     __pcstackCOMMON:
   110                           	global	?_main
   111  0070                     ?_main:	; 0 bytes @ 0x0
   112                           	global	?_sw_int
   113  0070                     ?_sw_int:	; 0 bytes @ 0x0
   114                           	global	??_sw_int
   115  0070                     ??_sw_int:	; 0 bytes @ 0x0
   116  0070                     	ds	5
   117                           	global	sw_int@j
   118  0075                     sw_int@j:	; 2 bytes @ 0x5
   119  0075                     	ds	2
   120                           	global	??_main
   121  0077                     ??_main:	; 0 bytes @ 0x7
   122                           psect	cstackBANK0,class=BANK0,space=1
   123                           global __pcstackBANK0
   124  0020                     __pcstackBANK0:
   125                           	global	main@delay
   126  0020                     main@delay:	; 2 bytes @ 0x0
   127  0020                     	ds	2
   128                           	global	main@i
   129  0022                     main@i:	; 2 bytes @ 0x2
   130  0022                     	ds	2
   131 ;;Data sizes: Strings 0, constant 0, data 0, bss 0, persistent 0 stack 0
   132 ;;Auto spaces:   Size  Autos    Used
   133 ;; COMMON          14      7       7
   134 ;; BANK0           80      4       4
   135 ;; BANK1           32      0       0
   136                           
   137 ;;
   138 ;; Pointer list with targets:
   139                           
   140                           
   141                           
   142 ;;
   143 ;; Critical Paths under _main in COMMON
   144 ;;
   145 ;;   None.
   146 ;;
   147 ;; Critical Paths under _sw_int in COMMON
   148 ;;
   149 ;;   None.
   150 ;;
   151 ;; Critical Paths under _main in BANK0
   152 ;;
   153 ;;   None.
   154 ;;
   155 ;; Critical Paths under _sw_int in BANK0
   156 ;;
   157 ;;   None.
   158 ;;
   159 ;; Critical Paths under _main in BANK1
   160 ;;
   161 ;;   None.
   162 ;;
   163 ;; Critical Paths under _sw_int in BANK1
   164 ;;
   165 ;;   None.
   166                           
   167 ;;
   168 ;;Main: autosize = 0, tempsize = 0, incstack = 0, save=0
   169 ;;
   170                           
   171 ;;
   172 ;;Call Graph Tables:
   173 ;;
   174 ;; ---------------------------------------------------------------------------------
   175 ;; (Depth) Function   	        Calls       Base Space   Used Autos Params    Refs
   176 ;; ---------------------------------------------------------------------------------
   177 ;; (0) _main                                                 4     4      0      47
   178 ;;                                              0 BANK0      4     4      0
   179 ;; ---------------------------------------------------------------------------------
   180 ;; Estimated maximum stack depth 0
   181 ;; ---------------------------------------------------------------------------------
   182 ;; (Depth) Function   	        Calls       Base Space   Used Autos Params    Refs
   183 ;; ---------------------------------------------------------------------------------
   184 ;; (1) _sw_int                                               7     7      0      30
   185 ;;                                              0 COMMON     7     7      0
   186 ;; ---------------------------------------------------------------------------------
   187 ;; Estimated maximum stack depth 1
   188 ;; ---------------------------------------------------------------------------------
   189                           
   190 ;; Call Graph Graphs:
   191                           
   192 ;; _main (ROOT)
   193 ;;
   194 ;; _sw_int (ROOT)
   195 ;;
   196                           
   197 ;; Address spaces:
   198                           
   199 ;;Name               Size   Autos  Total    Cost      Usage
   200 ;;BITCOMMON            E      0       0       0        0.0%
   201 ;;EEDATA             100      0       0       0        0.0%
   202 ;;NULL                 0      0       0       0        0.0%
   203 ;;CODE                 0      0       0       0        0.0%
   204 ;;COMMON               E      7       7       1       50.0%
   205 ;;BITSFR0              0      0       0       1        0.0%
   206 ;;SFR0                 0      0       0       1        0.0%
   207 ;;BITSFR1              0      0       0       2        0.0%
   208 ;;SFR1                 0      0       0       2        0.0%
   209 ;;STACK                0      0       0       2        0.0%
   210 ;;BITBANK0            50      0       0       3        0.0%
   211 ;;BANK0               50      4       4       4        5.0%
   212 ;;BANK1               20      0       0       5        0.0%
   213 ;;ABS                  0      0       0       6        0.0%
   214 ;;BITBANK1            20      0       0       7        0.0%
   215 ;;DATA                 0      0       0       8        0.0%
   216                           
   217                           	global	_main
   218                           psect	maintext,global,class=CODE,delta=2
   219                           global __pmaintext
   220  0047                     __pmaintext:
   221                           
   222 ;; *************** function _main *****************
   223 ;; Defined at:
   224 ;;		line 15 in file "F:\Documents\Personal Files\Creations\MagicSwitchBoard\Code\VersionControl\main.c"
   225 ;; Parameters:    Size  Location     Type
   226 ;;		None
   227 ;; Auto vars:     Size  Location     Type
   228 ;;  i               2    2[BANK0 ] unsigned int 
   229 ;;  delay           2    0[BANK0 ] unsigned int 
   230 ;; Return value:  Size  Location     Type
   231 ;;		None               void
   232 ;; Registers used:
   233 ;;		wreg, status,2
   234 ;; Tracked objects:
   235 ;;		On entry : 17F/0
   236 ;;		On exit  : 0/0
   237 ;;		Unchanged: 0/0
   238 ;; Data sizes:     COMMON   BANK0   BANK1
   239 ;;      Params:         0       0       0
   240 ;;      Locals:         0       4       0
   241 ;;      Temps:          0       0       0
   242 ;;      Totals:         0       4       0
   243 ;;Total ram usage:        4 bytes
   244 ;; Hardware stack levels required when called:    1
   245 ;; This function calls:
   246 ;;		Nothing
   247 ;; This function is called by:
   248 ;;		Startup code after reset
   249 ;; This function uses a non-reentrant model
   250 ;;
   251                           psect	maintext
   252                           	file	"F:\Documents\Personal Files\Creations\MagicSwitchBoard\Code\VersionControl\main.c
                                 "
   253                           	line	15
   254                           	global	__size_of_main
   255  0034                     	__size_of_main	equ	__end_of_main-_main
   256                           	
   257  0047                     _main:	
   258                           	opt	stack 7
   259                           ; Regs used in _main: [wreg+status,2]
   260                           	line	19
   261                           	
   262  0047                     l2381:	
   263                           ;main.c: 19: INTCONbits.RAIF = 0;
   264  0047  100B               	bcf	(11),0	;volatile
   265                           	line	20
   266                           ;main.c: 20: INTCONbits.GIE = 1;
   267  0048  178B               	bsf	(11),7	;volatile
   268                           	line	21
   269                           ;main.c: 21: INTCONbits.RAIE = 1;
   270  0049  158B               	bsf	(11),3	;volatile
   271                           	line	25
   272                           	
   273  004A                     l2383:	
   274                           ;main.c: 25: PORTA = 0x00;
   275  004A  1283               	bcf	status, 5	;RP0=0, select bank0
   276  004B  0185               	clrf	(5)	;volatile
   277                           	line	26
   278                           ;main.c: 26: ANSEL = 0x00;
   279  004C  1683               	bsf	status, 5	;RP0=1, select bank1
   280  004D  0191               	clrf	(145)^080h	;volatile
   281                           	line	27
   282                           	
   283  004E                     l2385:	
   284                           ;main.c: 27: CMCON0 = 0x07;
   285  004E  3007               	movlw	(07h)
   286  004F  1283               	bcf	status, 5	;RP0=0, select bank0
   287  0050  0099               	movwf	(25)	;volatile
   288                           	line	29
   289                           	
   290  0051                     l2387:	
   291                           ;main.c: 29: IOCA = 0b000001;
   292  0051  3001               	movlw	(01h)
   293  0052  1683               	bsf	status, 5	;RP0=1, select bank1
   294  0053  0096               	movwf	(150)^080h	;volatile
   295                           	line	30
   296                           	
   297  0054                     l2389:	
   298                           ;main.c: 30: TRISA = 0x01;
   299  0054  3001               	movlw	(01h)
   300  0055  0085               	movwf	(133)^080h	;volatile
   301                           	line	33
   302                           	
   303  0056                     l2391:	
   304                           ;main.c: 33: PORTC = 0x00;
   305  0056  1283               	bcf	status, 5	;RP0=0, select bank0
   306  0057  0187               	clrf	(7)	;volatile
   307                           	line	34
   308                           	
   309  0058                     l2393:	
   310                           ;main.c: 34: TRISC = 0x00;
   311  0058  1683               	bsf	status, 5	;RP0=1, select bank1
   312  0059  0187               	clrf	(135)^080h	;volatile
   313                           	line	41
   314                           	
   315  005A                     l2395:	
   316                           ;main.c: 40: unsigned int i;
   317                           ;main.c: 41: unsigned int delay = 15000;
   318  005A  3098               	movlw	low(03A98h)
   319  005B  1283               	bcf	status, 5	;RP0=0, select bank0
   320  005C  00A0               	movwf	(main@delay)
   321  005D  303A               	movlw	high(03A98h)
   322  005E  00A1               	movwf	((main@delay))+1
   323                           	line	43
   324                           ;main.c: 43: while(1==1)
   325                           	
   326  005F                     l552:	
   327                           	line	45
   328                           ;main.c: 44: {
   329                           ;main.c: 45: _nop();
   330  005F  0000               	nop
   331                           	line	46
   332                           	
   333  0060                     l2397:	
   334                           ;main.c: 46: for(i=0; i<delay; i++);
   335  0060  1283               	bcf	status, 5	;RP0=0, select bank0
   336  0061  01A2               	clrf	(main@i)
   337  0062  01A3               	clrf	(main@i+1)
   338  0063  286A               	goto	l553
   339                           	
   340  0064                     l554:	
   341                           	
   342  0064                     l2399:	
   343  0064  3001               	movlw	low(01h)
   344  0065  07A2               	addwf	(main@i),f
   345  0066  1803               	skipnc
   346  0067  0AA3               	incf	(main@i+1),f
   347  0068  3000               	movlw	high(01h)
   348  0069  07A3               	addwf	(main@i+1),f
   349                           	
   350  006A                     l553:	
   351  006A  0821               	movf	(main@delay+1),w
   352  006B  0223               	subwf	(main@i+1),w
   353  006C  1D03               	skipz
   354  006D  2870               	goto	u2275
   355  006E  0820               	movf	(main@delay),w
   356  006F  0222               	subwf	(main@i),w
   357  0070                     u2275:
   358  0070  1C03               	skipc
   359  0071  2873               	goto	u2271
   360  0072  2874               	goto	u2270
   361  0073                     u2271:
   362  0073  2864               	goto	l2399
   363  0074                     u2270:
   364                           	
   365  0074                     l555:	
   366                           	line	47
   367                           ;main.c: 47: _nop();
   368  0074  0000               	nop
   369                           	line	48
   370                           	
   371  0075                     l2401:	
   372                           ;main.c: 48: RC1 = RC1 ^ 1;
   373  0075  3002               	movlw	1<<((57)&7)
   374  0076  1283               	bcf	status, 5	;RP0=0, select bank0
   375  0077  0687               	xorwf	((57)/8),f
   376  0078  285F               	goto	l552
   377                           	line	49
   378                           	
   379  0079                     l551:	
   380                           	line	43
   381  0079  285F               	goto	l552
   382                           	
   383  007A                     l556:	
   384                           	line	50
   385                           	
   386  007A                     l557:	
   387                           	global	start
   388  007A  280F               	ljmp	start
   389                           	opt stack 0
   390                           GLOBAL	__end_of_main
   391  007B                     	__end_of_main:
   392 ;; =============== function _main ends ============
   393                           
   394                           	signat	_main,88
   395                           	global	_sw_int
   396                           psect	text99,local,class=CODE,delta=2
   397                           global __ptext99
   398  0010                     __ptext99:
   399                           
   400 ;; *************** function _sw_int *****************
   401 ;; Defined at:
   402 ;;		line 53 in file "F:\Documents\Personal Files\Creations\MagicSwitchBoard\Code\VersionControl\main.c"
   403 ;; Parameters:    Size  Location     Type
   404 ;;		None
   405 ;; Auto vars:     Size  Location     Type
   406 ;;  j               2    5[COMMON] unsigned int 
   407 ;; Return value:  Size  Location     Type
   408 ;;		None               void
   409 ;; Registers used:
   410 ;;		wreg, status,2, status,0
   411 ;; Tracked objects:
   412 ;;		On entry : 0/0
   413 ;;		On exit  : 0/0
   414 ;;		Unchanged: 0/0
   415 ;; Data sizes:     COMMON   BANK0   BANK1
   416 ;;      Params:         0       0       0
   417 ;;      Locals:         2       0       0
   418 ;;      Temps:          5       0       0
   419 ;;      Totals:         7       0       0
   420 ;;Total ram usage:        7 bytes
   421 ;; Hardware stack levels used:    1
   422 ;; This function calls:
   423 ;;		Nothing
   424 ;; This function is called by:
   425 ;;		Interrupt level 1
   426 ;; This function uses a non-reentrant model
   427 ;;
   428                           psect	text99
   429                           	file	"F:\Documents\Personal Files\Creations\MagicSwitchBoard\Code\VersionControl\main.c
                                 "
   430                           	line	53
   431                           	global	__size_of_sw_int
   432  0037                     	__size_of_sw_int	equ	__end_of_sw_int-_sw_int
   433                           	
   434  0010                     _sw_int:	
   435                           	opt	stack 7
   436                           ; Regs used in _sw_int: [wreg+status,2+status,0]
   437                           psect	intentry,class=CODE,delta=2
   438                           global __pintentry
   439  0004                     __pintentry:
   440                           global interrupt_function
   441  0004                     interrupt_function:
   442                           	global saved_w
   443  007E                     	saved_w	set	btemp+0
   444  0004  00FE               	movwf	saved_w
   445  0005  0E03               	swapf	status,w
   446  0006  00F1               	movwf	(??_sw_int+1)
   447  0007  0804               	movf	fsr0,w
   448  0008  00F2               	movwf	(??_sw_int+2)
   449  0009  080A               	movf	pclath,w
   450  000A  00F3               	movwf	(??_sw_int+3)
   451  000B  1283               	bcf	status, 5	;RP0=0, select bank0
   452  000C  087F               	movf	btemp+1,w
   453  000D  00F4               	movwf	(??_sw_int+4)
   454  000E  2810               	ljmp	_sw_int
   455                           psect	text99
   456                           	line	81
   457                           	
   458  0010                     i1l1487:	
   459                           ;main.c: 80: unsigned int j;
   460                           ;main.c: 81: _nop();
   461  0010  0000               	nop
   462                           	line	82
   463                           	
   464  0011                     i1l1489:	
   465                           ;main.c: 82: for(j=0; j<500; j++);
   466  0011  01F5               	clrf	(sw_int@j)
   467  0012  01F6               	clrf	(sw_int@j+1)
   468                           	
   469  0013                     i1l1491:	
   470  0013  3001               	movlw	high(01F4h)
   471  0014  0276               	subwf	(sw_int@j+1),w
   472  0015  30F4               	movlw	low(01F4h)
   473  0016  1903               	skipnz
   474  0017  0275               	subwf	(sw_int@j),w
   475  0018  1C03               	skipc
   476  0019  281B               	goto	u1_21
   477  001A  281C               	goto	u1_20
   478  001B                     u1_21:
   479  001B  281E               	goto	i1l1495
   480  001C                     u1_20:
   481  001C  282D               	goto	i1l561
   482                           	
   483  001D                     i1l1493:	
   484  001D  282D               	goto	i1l561
   485                           	
   486  001E                     i1l560:	
   487                           	
   488  001E                     i1l1495:	
   489  001E  3001               	movlw	low(01h)
   490  001F  07F5               	addwf	(sw_int@j),f
   491  0020  1803               	skipnc
   492  0021  0AF6               	incf	(sw_int@j+1),f
   493  0022  3000               	movlw	high(01h)
   494  0023  07F6               	addwf	(sw_int@j+1),f
   495  0024  3001               	movlw	high(01F4h)
   496  0025  0276               	subwf	(sw_int@j+1),w
   497  0026  30F4               	movlw	low(01F4h)
   498  0027  1903               	skipnz
   499  0028  0275               	subwf	(sw_int@j),w
   500  0029  1C03               	skipc
   501  002A  282C               	goto	u2_21
   502  002B  282D               	goto	u2_20
   503  002C                     u2_21:
   504  002C  281E               	goto	i1l1495
   505  002D                     u2_20:
   506                           	
   507  002D                     i1l561:	
   508                           	line	83
   509                           ;main.c: 83: _nop();
   510  002D  0000               	nop
   511                           	line	84
   512                           	
   513  002E                     i1l1497:	
   514                           ;main.c: 84: RC3 = PORTAbits.RA0;
   515  002E  1283               	bcf	status, 5	;RP0=0, select bank0
   516  002F  0805               	movf	(5),w	;volatile
   517  0030  3901               	andlw	(1<<1)-1
   518  0031  00F0               	movwf	(??_sw_int+0)+0
   519  0032  0C70               	rrf	(??_sw_int+0)+0,w
   520  0033  1803               	btfsc	status,0
   521  0034  2836               	goto	u3_21
   522  0035  2839               	goto	u3_20
   523                           	
   524  0036                     u3_21:
   525  0036  1283               	bcf	status, 5	;RP0=0, select bank0
   526  0037  1587               	bsf	(59/8),(59)&7
   527  0038  283B               	goto	u4_24
   528  0039                     u3_20:
   529  0039  1283               	bcf	status, 5	;RP0=0, select bank0
   530  003A  1187               	bcf	(59/8),(59)&7
   531  003B                     u4_24:
   532                           	line	85
   533                           	
   534  003B                     i1l1499:	
   535                           ;main.c: 85: INTCONbits.RAIF = 0;
   536  003B  100B               	bcf	(11),0	;volatile
   537                           	line	86
   538                           	
   539  003C                     i1l562:	
   540  003C  0874               	movf	(??_sw_int+4),w
   541  003D  00FF               	movwf	btemp+1
   542  003E  0873               	movf	(??_sw_int+3),w
   543  003F  008A               	movwf	pclath
   544  0040  0872               	movf	(??_sw_int+2),w
   545  0041  0084               	movwf	fsr0
   546  0042  0E71               	swapf	(??_sw_int+1)^0FFFFFF80h,w
   547  0043  0083               	movwf	status
   548  0044  0EFE               	swapf	saved_w,f
   549  0045  0E7E               	swapf	saved_w,w
   550  0046  0009               	retfie
   551                           	opt stack 0
   552                           GLOBAL	__end_of_sw_int
   553  0047                     	__end_of_sw_int:
   554 ;; =============== function _sw_int ends ============
   555                           
   556                           	signat	_sw_int,88
   557                           psect	text100,local,class=CODE,delta=2
   558                           global __ptext100
   559  0000                     __ptext100:
   560                           	global	btemp
   561  007E                     	btemp set 07Eh
   562                           
   563                           	DABS	1,126,2	;btemp
   564                           	global	wtemp0
   565  007E                     	wtemp0 set btemp


HI-TECH Software PICC Macro Assembler V9.83 build 10920 
Symbol Table                                                                                   Wed Mar 07 23:56:27 2012

                  _RD 04E0                    _WR 04E1                   l551 0079                   l552 005F  
                 l553 006A                   l554 0064                   l555 0074                   l556 007A  
                 l557 007A                   _GIE 005F                   _RC1 0039                   _RC3 003B  
                 fsr0 0004                  l2401 0075                  l2381 0047                  l2391 0056  
                l2383 004A                  l2393 0058                  l2385 004E                  l2395 005A  
                l2387 0051                  l2397 0060                  l2389 0054                  l2399 0064  
                _IOCA 0096                  u2270 0074                  u2271 0073                  u2275 0070  
                _WREN 04E2                  u1_20 001C                  u1_21 001B                  u2_20 002D  
                u2_21 002C                  u3_20 0039                  u3_21 0036                  u4_24 003B  
                _main 0047                  btemp 007E                  start 000F                 ?_main 0070  
               _EEADR 009B                 _CARRY 0018                 _ANSEL 0091                 i1l560 001E  
               i1l561 002D                 i1l562 003C                 _PORTA 0005                 _PORTC 0007  
               _TRISA 0085                 _TRISC 0087                 main@i 0022                 pclath 000A  
               status 0003                 wtemp0 007E          __end_of_main 007B                ??_main 0077  
              _EEDATA 009A                _EECON1 009C                _EECON2 009D                _CMCON0 0019  
              i1l1491 0013                i1l1493 001D                i1l1495 001E                i1l1487 0010  
              i1l1497 002E                i1l1489 0011                i1l1499 003B                _sw_int 0010  
              saved_w 007E        __pcstackCOMMON 0070            __pmaintext 0047            __pintentry 0004  
             ?_sw_int 0070       __size_of_sw_int 0037  end_of_initialization 007B               sw_int@j 0075  
           _PORTAbits 0005        __end_of_sw_int 0047   start_initialization 007B              ??_sw_int 0070  
       __pcstackBANK0 0020             __ptext100 0000     interrupt_function 0004             main@delay 0020  
            __ptext98 0000              __ptext99 0010         __size_of_main 0034            _INTCONbits 000B  
            intlevel1 0000  
